<tokens>
  <keyword> class </keyword>
  <identifier> Main </identifier>
  <symbol> { </symbol>
  <keyword> function </keyword>
  <keyword> void </keyword>
  <identifier> main </identifier>
  <symbol> ( </symbol>
  <symbol> ) </symbol>
  <symbol> { </symbol>
  <keyword> var </keyword>
  <keyword> int </keyword>
  <identifier> value </identifier>
  <symbol> ; </symbol>
  <keyword> do </keyword>
  <identifier> Main </identifier>
  <symbol> . </symbol>
  <identifier> fillMemory </identifier>
  <symbol> ( </symbol>
  <integerConstant> 8001 </integerConstant>
  <symbol> , </symbol>
  <integerConstant> 16 </integerConstant>
  <symbol> , </symbol>
  <symbol> - </symbol>
  <integerConstant> 1 </integerConstant>
  <symbol> ) </symbol>
  <symbol> ; </symbol>
  <keyword> let </keyword>
  <identifier> value </identifier>
  <symbol> = </symbol>
  <identifier> Memory </identifier>
  <symbol> . </symbol>
  <identifier> peek </identifier>
  <symbol> ( </symbol>
  <integerConstant> 8000 </integerConstant>
  <symbol> ) </symbol>
  <symbol> ; </symbol>
  <keyword> do </keyword>
  <identifier> Main </identifier>
  <symbol> . </symbol>
  <identifier> convert </identifier>
  <symbol> ( </symbol>
  <identifier> value </identifier>
  <symbol> ) </symbol>
  <symbol> ; </symbol>
  <keyword> return </keyword>
  <symbol> ; </symbol>
  <symbol> } </symbol>
  <symbol> } </symbol>
</tokens>
